MAXSPAN 1200, warmup 60d, fill=intrabar, causal=True, slippage 1.0 tick/side, 131 symbol(s) from /Users/ajair/Desktop/data_archive/DATA_DIR/

symbol   trades  win%   totalR   avgR    PF  range
--------------------------------------------------
A6         1161    38    -67.6  -0.06  0.88  2008-01-02..2026-06-19
AD         1375    42    -90.9  -0.07  0.86  2008-01-02..2026-06-19
ALI          99    48     +9.3  +0.09  1.23  2014-05-06..2026-06-19
B           188    47    +11.5  +0.06  1.15  2007-05-23..2026-06-19
B6         1291    42    -18.0  -0.01  0.97  2008-01-02..2026-06-19
BFX          17    41     +0.0  +0.00  1.00  2008-01-21..2025-03-06
BR          215    44     -3.4  -0.02  0.96  2008-02-28..2026-06-16
BTC         152    50    +31.3  +0.21  1.57  2017-12-17..2026-06-19
BZ          398    42     +5.7  +0.01  1.03  2008-02-12..2026-06-19
C           177    45     +7.8  +0.04  1.10  2008-01-02..2026-06-19
CB           56    54     +1.2  +0.02  1.09  2008-01-02..2026-06-18
CC          214    44    +16.6  +0.08  1.17  2008-01-02..2026-06-18
CL          448    41    +32.1  +0.07  1.17  2008-01-01..2026-06-19
CNH         770    51    +32.8  +0.04  1.11  2013-02-26..2026-06-19
CSC          99    59     +6.1  +0.06  1.20  2010-06-22..2026-06-18
CT          334    39    -13.8  -0.04  0.91  2008-01-02..2026-06-18
DC          268    50     +6.4  +0.02  1.06  2008-01-02..2026-06-18
DX         1295    43    +27.9  +0.02  1.05  2008-01-01..2026-06-19
E1         1276    45    +34.9  +0.03  1.06  2008-01-02..2026-06-19
E6         1304    41    -20.8  -0.02  0.96  2008-01-02..2026-06-19
E7         1356    44     +9.2  +0.01  1.02  2008-01-02..2026-06-19
EBM         193    45     -3.2  -0.02  0.97  2008-01-02..2026-06-19
ER          850    22   -885.5  -1.04  0.18  2007-02-14..2026-06-19
ES          972    39    -67.9  -0.07  0.85  2008-01-02..2026-06-19
ESG          81    63    +14.8  +0.18  1.60  2019-11-18..2026-06-19
EW          815    47    +34.3  +0.04  1.10  2008-01-02..2026-06-19
FBON        327    48     -4.3  -0.01  0.97  2015-11-02..2026-06-19
FBTP        531    42    +19.3  +0.04  1.08  2009-10-13..2026-06-19
FBTS        551    43    +14.6  +0.03  1.06  2011-09-19..2026-06-19
FCE         447    40     -5.6  -0.01  0.97  2008-01-02..2026-06-19
FDAX        687    44     +9.4  +0.01  1.03  2008-01-02..2026-06-19
FDIV         11    64     +2.0  +0.18  1.83  2013-04-23..2026-06-19
FDXM        464    40     +2.1  +0.00  1.01  2015-10-28..2026-06-19
FDXS        258    46    +27.3  +0.11  1.26  2021-04-19..2026-06-19
FESX        616    42    -37.7  -0.06  0.87  2008-01-02..2026-06-19
FEU3        165    38    -43.3  -0.26  0.50  2008-01-02..2026-06-19
FGBL       1123    44    -43.8  -0.04  0.91  2008-01-02..2026-06-19
FGBM       1250    43    -75.1  -0.06  0.88  2008-01-02..2026-06-19
FGBS       1138    41   -152.1  -0.13  0.77  2008-01-25..2026-06-19
FGBX        708    43    -16.0  -0.02  0.95  2008-02-26..2026-06-19
FMWO        282    46     +1.8  +0.01  1.02  2013-03-18..2026-06-19
FOAT        703    46     +2.5  +0.00  1.01  2012-04-16..2026-06-19
FSMX         40    50     +5.5  +0.14  1.31  2021-11-08..2026-06-19
FTDX        184    56    +27.4  +0.15  1.48  2008-01-02..2026-06-19
FTI         455    46    +20.6  +0.05  1.11  2008-01-02..2026-06-19
FTUK        838    42     -5.7  -0.01  0.98  2008-01-02..2026-06-19
FVSA         53    49     +2.6  +0.05  1.12  2011-09-08..2026-06-19
FXXP        496    44     +4.9  +0.01  1.02  2010-09-24..2026-06-19
G           514    38    -29.8  -0.06  0.88  2008-01-02..2026-06-19
GC          974    43    +64.3  +0.07  1.16  2008-01-01..2026-06-19
GF          345    47    +38.8  +0.11  1.29  2008-01-02..2026-06-18
GSCI         87    59     +9.8  +0.11  1.36  2008-02-25..2026-06-18
HE          275    48    +18.4  +0.07  1.17  2008-01-02..2026-06-18
HG          775    45    +77.5  +0.10  1.24  2008-01-01..2026-06-19
HH           91    52     +1.2  +0.01  1.04  2010-08-30..2026-06-19
HO          549    42     -3.9  -0.01  0.98  2008-02-18..2026-06-19
HRC          43    40     -9.4  -0.22  0.60  2008-10-31..2026-06-19
J1         1383    42   +224.3  +0.16  1.43  2008-01-02..2026-06-19
J7         1460    46   +342.4  +0.23  1.65  2008-01-02..2026-06-19
JB         1517    44   -178.1  -0.12  0.78  2008-03-10..2026-02-06
KC          196    36    -19.8  -0.10  0.80  2008-01-02..2026-06-18
KE          439    47    +37.2  +0.08  1.21  2008-02-24..2026-06-18
KRW          65    52   +136.2  +2.09  2.70  2009-11-30..2026-06-19
L           388    26   -199.8  -0.52  0.38  2008-01-02..2021-12-17
LBS         155    44     +3.7  +0.02  1.06  2008-10-19..2026-06-18
LE          431    46     -1.6  -0.00  0.99  2008-01-02..2026-06-18
M2K         311    46    +23.7  +0.08  1.19  2019-05-05..2026-06-19
MAX          19    32     -5.5  -0.29  0.32  2022-03-28..2026-06-19
MBT         105    50    +15.7  +0.15  1.40  2021-05-02..2026-06-19
MCL         150    36    -14.5  -0.10  0.79  2021-07-11..2026-06-19
MES         344    41    +15.7  +0.05  1.11  2019-05-05..2026-06-19
MET          83    45     -4.0  -0.05  0.89  2021-12-05..2026-06-19
MFC          72    56     +2.5  +0.04  1.11  2014-08-28..2026-06-19
MFS         478    48    +71.1  +0.15  1.38  2009-09-08..2026-06-19
MGC         892    45    +85.7  +0.10  1.24  2010-10-03..2026-06-19
MME         569    47    +44.4  +0.08  1.19  2009-09-08..2026-06-19
MNQ         248    48    +32.1  +0.13  1.33  2019-05-05..2026-06-19
MP         1096    42    -91.0  -0.08  0.83  2008-01-02..2026-06-19
MURA         75    56     +9.2  +0.12  1.47  2021-10-22..2026-06-19
N6         1175    43    +29.1  +0.02  1.05  2008-01-02..2026-06-19
NG          228    48    +20.6  +0.09  1.24  2008-01-01..2026-06-19
NIY         792    41    -43.0  -0.05  0.89  2008-01-31..2026-06-19
NKD         819    43    -25.0  -0.03  0.93  2008-01-04..2026-06-19
NOK         356    48    -17.7  -0.05  0.86  2008-01-16..2026-06-19
NQ          844    42    -24.4  -0.03  0.94  2008-01-02..2026-06-19
OJ           91    45     +8.4  +0.09  1.21  2008-01-02..2026-06-18
PA          621    45   +115.3  +0.19  1.47  2008-01-01..2026-06-19
PJY         302    46    -60.5  -0.20  0.53  2008-06-16..2026-06-19
PL          768    45    +91.0  +0.12  1.30  2008-01-01..2026-06-19
PRK          10    60     +1.5  +0.15  1.73  2020-11-09..2025-12-03
PSI          34    50     -4.4  -0.13  0.60  2008-01-02..2025-07-15
QG          243    45     -2.4  -0.01  0.98  2008-01-02..2026-06-19
RB          537    45    +18.9  +0.04  1.09  2008-01-02..2026-06-19
RM          201    44    +12.7  +0.06  1.13  2008-01-16..2026-06-19
RP         1290    50    +43.9  +0.03  1.09  2008-01-02..2026-06-19
RS          494    50    +65.3  +0.13  1.34  2008-01-02..2026-06-19
RTY         803    44     +2.4  +0.00  1.01  2008-01-02..2026-06-19
RY         1303    51    +85.1  +0.07  1.17  2008-01-02..2026-06-19
SB          211    44    +22.7  +0.11  1.24  2008-01-02..2026-06-18
SEK         460    52     +4.2  +0.01  1.02  2008-01-02..2026-06-19
SI          660    40    -32.0  -0.05  0.89  2008-01-01..2026-06-19
SIL         526    46     +8.5  +0.02  1.04  2013-06-17..2026-06-19
SIR         953    46    -50.1  -0.05  0.88  2013-01-29..2026-06-19
SO3         333    27   -150.9  -0.45  0.40  2018-06-04..2026-06-19
SR1         632    25   -508.1  -0.80  0.21  2018-05-06..2026-06-19
SR3         564    27   -618.8  -1.10  0.20  2018-05-06..2026-06-19
T6          537    49    -21.8  -0.04  0.92  2008-03-13..2026-06-19
TN          816    45    -21.1  -0.03  0.94  2016-01-10..2026-06-19
TTF           9    11     -3.9  -0.43  0.12  2018-04-19..2026-06-19
UB          920    42    -56.0  -0.06  0.87  2010-01-10..2026-06-19
US         1316    41   -154.7  -0.12  0.77  2008-01-01..2026-06-19
VX           94    56    +10.3  +0.11  1.31  2008-08-05..2026-06-19
VXM          63    33    -18.6  -0.29  0.52  2020-08-09..2026-06-19
XAE         141    48     +5.9  +0.04  1.10  2011-05-02..2026-06-19
XAF         122    54    +23.0  +0.19  1.60  2011-04-27..2026-06-18
XAI         108    49     +7.6  +0.07  1.20  2011-04-14..2026-06-19
XC          433    44     -4.6  -0.01  0.97  2008-01-01..2026-06-18
YM         1022    42    -38.3  -0.04  0.92  2008-01-01..2026-06-19
ZC          519    42    -55.4  -0.11  0.79  2008-01-01..2026-06-18
ZF         1657    44    -34.3  -0.02  0.95  2008-01-01..2026-06-19
ZL          562    41    -16.8  -0.03  0.94  2008-01-01..2026-06-18
ZM          535    43    -37.6  -0.07  0.86  2008-01-01..2026-06-18
ZN         1499    42   -154.6  -0.10  0.79  2008-01-01..2026-06-19
ZO          275    51    +14.7  +0.05  1.12  2008-01-02..2026-06-18
ZQ          530    11  -1077.5  -2.03  0.04  2008-01-02..2026-06-19
ZR          318    52    +75.0  +0.24  1.66  2008-01-02..2026-06-18
ZRPA          1     0     -0.1  -0.12  0.00  2018-06-20..2026-06-16
ZS          607    46     -3.1  -0.01  0.99  2008-01-01..2026-06-18
ZT         1564    42    -69.6  -0.04  0.91  2008-01-01..2026-06-19
ZTWA        114    52     +9.0  +0.08  1.23  2014-01-07..2026-06-19
ZW          475    43     +4.4  +0.01  1.02  2008-01-01..2026-06-18
--------------------------------------------------
TOTAL     70347        -3062.1

trade records -> backtests/trades_<SYM>.csv  (signal time cols first, outcome cols last)
